// Jest Snapshot v1, https://goo.gl/fbAQLP

exports[`BoxShadow should render 1`] = `
<div
  className="BoxShadow"
/>
`;
